
> simfly-me@0.1.0 build
> next build

Ôû▓ Next.js 16.1.6 (Turbopack)
- Environments: .env.local, .env.production, .env
- Experiments (use with caution):
  ┬À optimizePackageImports

node.exe : ÔÜá The "middleware" file convention is deprecated. Please use 
"proxy" instead. Learn more: 
https://nextjs.org/docs/messages/middleware-to-proxy
In Zeile:1 Zeichen:1
+ & "C:\Program Files\nodejs/node.exe" "C:\Program Files\nodejs/node_mo ...
+ ~~~~~~~~~~~~~~~~~~~~~~~~~~~~~~~~~~~~~~~~~~~~~~~~~~~~~~~~~~~~~~~~~~~~~
    + CategoryInfo          : NotSpecified: (ÔÜá The "middle...leware-to-proxy 
   :String) [], RemoteException
    + FullyQualifiedErrorId : NativeCommandError
 
  Creating an optimized production build ...
  Using external babel configuration from C:\Users\x\simfly-me\.babelrc

> Build error occurred
Error: Turbopack build failed with 1 errors:
./src/components/CompatibilityCheck.tsx
Error evaluating Node.js code
SyntaxError: C:\Users\x\simfly-me\src\components\CompatibilityCheck.tsx: 
Unexpected token (162:45)

[0m [90m 160 |[39m                                     [33m>[39m
 [90m 161 |[39m                                         
[33m<[39m[33mdiv[39m className[33m=[39m[32m"space-y-4 max-h-[540px] 
overflow-y-auto scrollbar-thin scrollbar-thumb-black/10 
scrollbar-track-transparent"[39m[33m>[39m{
[31m[1m>[22m[39m[90m 162 |[39m                                           
  {[33m![39msearch [33m&&[39m (
 [90m     |[39m                                              
[31m[1m^[22m[39m
 [90m 163 |[39m                                                 
[33m<[39m[33mdiv[39m className[33m=[39m[32m"px-2 pt-2"[39m[33m>[39m
 [90m 164 |[39m                                                     
[33m<[39m[33mp[39m className[33m=[39m[32m"text-[10px] font-black 
uppercase tracking-widest text-black/30 
mb-4"[39m[33m>[39m[33mBeliebte[39m 
[33mModelle[39m[33m<[39m[33m/[39m[33mp[39m[33m>[39m
 [90m 165 |[39m                                                     
[33m<[39m[33mdiv[39m className[33m=[39m[32m"flex flex-wrap 
gap-2"[39m[33m>[39m[0m
    [at constructor (C:\Users\x\simfly-me\node_modules\next\dist\compiled\babel
\bundle.js:191:137105)]
    [at TypeScriptParserMixin.raise (C:\Users\x\simfly-me\node_modules\next\dis
t\compiled\babel\bundle.js:191:194164)]
    [at TypeScriptParserMixin.unexpected (C:\Users\x\simfly-me\node_modules\nex
t\dist\compiled\babel\bundle.js:191:194550)]
    [at TypeScriptParserMixin.parsePropertyName (C:\Users\x\simfly-me\node_modu
les\next\dist\compiled\babel\bundle.js:191:376316)]
    [at TypeScriptParserMixin.parsePropertyDefinition (C:\Users\x\simfly-me\nod
e_modules\next\dist\compiled\babel\bundle.js:191:373683)]
    [at TypeScriptParserMixin.parseObjectLike (C:\Users\x\simfly-me\node_module
s\next\dist\compiled\babel\bundle.js:191:372491)]
    [at TypeScriptParserMixin.parseExprAtom (C:\Users\x\simfly-me\node_modules\
next\dist\compiled\babel\bundle.js:191:361743)]
    [at TypeScriptParserMixin.parseExprAtom (C:\Users\x\simfly-me\node_modules\
next\dist\compiled\babel\bundle.js:191:269272)]
    [at TypeScriptParserMixin.parseExprSubscripts (C:\Users\x\simfly-me\node_mo
dules\next\dist\compiled\babel\bundle.js:191:356364)]
    [at TypeScriptParserMixin.parseUpdate (C:\Users\x\simfly-me\node_modules\ne
xt\dist\compiled\babel\bundle.js:191:355963)]
    [at TypeScriptParserMixin.parseMaybeUnary (C:\Users\x\simfly-me\node_module
s\next\dist\compiled\babel\bundle.js:191:355527)]
    [at TypeScriptParserMixin.parseMaybeUnary (C:\Users\x\simfly-me\node_module
s\next\dist\compiled\babel\bundle.js:191:331837)]
    [at TypeScriptParserMixin.parseMaybeUnaryOrPrivate (C:\Users\x\simfly-me\no
de_modules\next\dist\compiled\babel\bundle.js:191:352169)]
    [at TypeScriptParserMixin.parseExprOps (C:\Users\x\simfly-me\node_modules\n
ext\dist\compiled\babel\bundle.js:191:352281)]
    [at TypeScriptParserMixin.parseMaybeConditional (C:\Users\x\simfly-me\node_
modules\next\dist\compiled\babel\bundle.js:191:351760)]
    [at TypeScriptParserMixin.parseMaybeAssign (C:\Users\x\simfly-me\node_modul
es\next\dist\compiled\babel\bundle.js:191:350714)]
    [at TypeScriptParserMixin.parseMaybeAssign (C:\Users\x\simfly-me\node_modul
es\next\dist\compiled\babel\bundle.js:191:330620)]
    [at TypeScriptParserMixin.parseExpressionBase (C:\Users\x\simfly-me\node_mo
dules\next\dist\compiled\babel\bundle.js:191:349863)]
    [at C:\Users\x\simfly-me\node_modules\next\dist\compiled\babel\bundle.js:19
1:349774]
    [at TypeScriptParserMixin.allowInAnd (C:\Users\x\simfly-me\node_modules\nex
t\dist\compiled\babel\bundle.js:191:383968)]
    [at TypeScriptParserMixin.parseExpression (C:\Users\x\simfly-me\node_module
s\next\dist\compiled\babel\bundle.js:191:349753)]
    [at TypeScriptParserMixin.jsxParseExpressionContainer (C:\Users\x\simfly-me
\node_modules\next\dist\compiled\babel\bundle.js:191:266422)]
    [at TypeScriptParserMixin.jsxParseElementAt (C:\Users\x\simfly-me\node_modu
les\next\dist\compiled\babel\bundle.js:191:268154)]
    [at TypeScriptParserMixin.jsxParseElementAt (C:\Users\x\simfly-me\node_modu
les\next\dist\compiled\babel\bundle.js:191:267915)]
    [at TypeScriptParserMixin.jsxParseElement (C:\Users\x\simfly-me\node_module
s\next\dist\compiled\babel\bundle.js:191:268987)]
    [at TypeScriptParserMixin.parseExprAtom (C:\Users\x\simfly-me\node_modules\
next\dist\compiled\babel\bundle.js:191:269115)]
    [at TypeScriptParserMixin.parseExprSubscripts (C:\Users\x\simfly-me\node_mo
dules\next\dist\compiled\babel\bundle.js:191:356364)]
    [at TypeScriptParserMixin.parseUpdate (C:\Users\x\simfly-me\node_modules\ne
xt\dist\compiled\babel\bundle.js:191:355963)]
    [at TypeScriptParserMixin.parseMaybeUnary (C:\Users\x\simfly-me\node_module
s\next\dist\compiled\babel\bundle.js:191:355527)]
    [at TypeScriptParserMixin.parseMaybeUnary (C:\Users\x\simfly-me\node_module
s\next\dist\compiled\babel\bundle.js:191:331837)]
    [at TypeScriptParserMixin.parseMaybeUnaryOrPrivate (C:\Users\x\simfly-me\no
de_modules\next\dist\compiled\babel\bundle.js:191:352169)]
    [at TypeScriptParserMixin.parseExprOps (C:\Users\x\simfly-me\node_modules\n
ext\dist\compiled\babel\bundle.js:191:352281)]
    [at TypeScriptParserMixin.parseMaybeConditional (C:\Users\x\simfly-me\node_
modules\next\dist\compiled\babel\bundle.js:191:351760)]
    [at TypeScriptParserMixin.parseMaybeAssign (C:\Users\x\simfly-me\node_modul
es\next\dist\compiled\babel\bundle.js:191:350714)]
    [at C:\Users\x\simfly-me\node_modules\next\dist\compiled\babel\bundle.js:19
1:330420]
    [at TypeScriptParserMixin.tryParse (C:\Users\x\simfly-me\node_modules\next\
dist\compiled\babel\bundle.js:191:199742)]
    [at TypeScriptParserMixin.parseMaybeAssign (C:\Users\x\simfly-me\node_modul
es\next\dist\compiled\babel\bundle.js:191:330400)]
    [at C:\Users\x\simfly-me\node_modules\next\dist\compiled\babel\bundle.js:19
1:350260]
    [at TypeScriptParserMixin.allowInAnd (C:\Users\x\simfly-me\node_modules\nex
t\dist\compiled\babel\bundle.js:191:383968)]
    [at TypeScriptParserMixin.parseMaybeAssignAllowIn (C:\Users\x\simfly-me\nod
e_modules\next\dist\compiled\babel\bundle.js:191:350239)]
    [at TypeScriptParserMixin.parseParenAndDistinguishExpression (C:\Users\x\si
mfly-me\node_modules\next\dist\compiled\babel\bundle.js:191:369230)]
    [at TypeScriptParserMixin.parseExprAtom (C:\Users\x\simfly-me\node_modules\
next\dist\compiled\babel\bundle.js:191:361477)]
    [at TypeScriptParserMixin.parseExprAtom (C:\Users\x\simfly-me\node_modules\
next\dist\compiled\babel\bundle.js:191:269272)]
    [at TypeScriptParserMixin.parseExprSubscripts (C:\Users\x\simfly-me\node_mo
dules\next\dist\compiled\babel\bundle.js:191:356364)]
    [at TypeScriptParserMixin.parseUpdate (C:\Users\x\simfly-me\node_modules\ne
xt\dist\compiled\babel\bundle.js:191:355963)]
    [at TypeScriptParserMixin.parseMaybeUnary (C:\Users\x\simfly-me\node_module
s\next\dist\compiled\babel\bundle.js:191:355527)]
    [at TypeScriptParserMixin.parseMaybeUnary (C:\Users\x\simfly-me\node_module
s\next\dist\compiled\babel\bundle.js:191:331837)]
    [at TypeScriptParserMixin.parseMaybeUnaryOrPrivate (C:\Users\x\simfly-me\no
de_modules\next\dist\compiled\babel\bundle.js:191:352169)]
    [at TypeScriptParserMixin.parseExprOpBaseRightExpr (C:\Users\x\simfly-me\no
de_modules\next\dist\compiled\babel\bundle.js:191:354273)]
    [at TypeScriptParserMixin.parseExprOpRightExpr (C:\Users\x\simfly-me\node_m
odules\next\dist\compiled\babel\bundle.js:191:354155)]

Import traces:
  Client Component Browser:
    ./src/components/CompatibilityCheck.tsx [Client Component Browser]
    ./src/components/MainPage.tsx [Client Component Browser]
    ./src/components/MainPage.tsx [Server Component]
    ./src/app/[lang]/page.tsx [Server Component]

  Client Component SSR:
    ./src/components/CompatibilityCheck.tsx [Client Component SSR]
    ./src/components/MainPage.tsx [Client Component SSR]
    ./src/components/MainPage.tsx [Server Component]
    ./src/app/[lang]/page.tsx [Server Component]


    at ignore-listed frames
